/srv/http/include/config/../../data/video/wavs/1403731150/output1.wav
/srv/http/include/config/../../data/video/wavs/1403731828/output1.wav
/srv/http/include/config/../../data/video/wavs/1403731828/output2.wav
/srv/http/include/config/../../data/video/wavs/1403731828/output3.wav
/srv/http/include/config/../../data/video/wavs/1403732255/output1.wav
/srv/http/include/config/../../data/video/wavs/1403732255/output2.wav
/srv/http/include/config/../../data/video/wavs/1403732255/output3.wav
/srv/http/include/config/../../data/video/wavs/1403732308/output1.wav
/srv/http/include/config/../../data/video/wavs/1403732974/output1.wav
/srv/http/include/config/../../data/video/wavs/1403732974/output2.wav
/srv/http/include/config/../../data/video/wavs/1403732974/output3.wav
/srv/http/include/config/../../data/video/wavs/1403733034/output1.wav
/srv/http/include/config/../../data/video/wavs/1403733034/output2.wav
/srv/http/include/config/../../data/video/wavs/1403733034/output3.wav
/srv/http/include/config/../../data/video/wavs/1403733481/output1.wav
/srv/http/include/config/../../data/video/wavs/1403733481/output2.wav
/srv/http/include/config/../../data/video/wavs/1403733481/output3.wav
/srv/http/include/config/../../data/video/wavs/1403733934/output1.wav
/srv/http/include/config/../../data/video/wavs/1403733934/output2.wav
/srv/http/include/config/../../data/video/wavs/1403733934/output3.wav
/srv/http/include/config/../../data/video/wavs/1403734500/output1.wav
/srv/http/include/config/../../data/video/wavs/1403734761/output1.wav
/srv/http/include/config/../../data/video/wavs/1403734761/output2.wav
/srv/http/include/config/../../data/video/wavs/1403734761/output3.wav
/srv/http/include/config/../../data/video/wavs/1403734860/output1.wav
/srv/http/include/config/../../data/video/wavs/1403735219/output1.wav
/srv/http/include/config/../../data/video/wavs/1403735219/output2.wav
/srv/http/include/config/../../data/video/wavs/1403735219/output3.wav
/srv/http/include/config/../../data/video/wavs/1403735496/output1.wav
/srv/http/include/config/../../data/video/wavs/1403735496/output2.wav
/srv/http/include/config/../../data/video/wavs/1403735496/output3.wav
/srv/http/include/config/../../data/video/wavs/1403735695/output1.wav
/srv/http/include/config/../../data/video/wavs/1403735695/output2.wav
/srv/http/include/config/../../data/video/wavs/1403735695/output3.wav
/srv/http/include/config/../../data/video/wavs/1403735743/output1.wav
/srv/http/include/config/../../data/video/wavs/1403735743/output2.wav
/srv/http/include/config/../../data/video/wavs/1403735743/output3.wav
/srv/http/include/config/../../data/video/wavs/1403736079/output1.wav
/srv/http/include/config/../../data/video/wavs/1403738085/output1.wav
/srv/http/include/config/../../data/video/wavs/1403739224/output1.wav
/srv/http/include/config/../../data/video/wavs/1403739993/output1.wav
/srv/http/include/config/../../data/video/wavs/1403739993/output2.wav
/srv/http/include/config/../../data/video/wavs/1403739993/output3.wav
/srv/http/include/config/../../data/video/wavs/1403740243/output1.wav
/srv/http/include/config/../../data/video/wavs/1403740243/output2.wav
/srv/http/include/config/../../data/video/wavs/1403740243/output3.wav
/srv/http/include/config/../../data/video/wavs/1403740438/output1.wav
/srv/http/include/config/../../data/video/wavs/1403740438/output2.wav
/srv/http/include/config/../../data/video/wavs/1403740438/output3.wav
/srv/http/include/config/../../data/video/wavs/1403740793/output1.wav
/srv/http/include/config/../../data/video/wavs/1403740793/output2.wav
/srv/http/include/config/../../data/video/wavs/1403740793/output3.wav
/srv/http/include/config/../../data/video/wavs/1403740913/output1.wav
/srv/http/include/config/../../data/video/wavs/1403740913/output2.wav
/srv/http/include/config/../../data/video/wavs/1403740913/output3.wav
/srv/http/include/config/../../data/video/wavs/1403741020/output1.wav
/srv/http/include/config/../../data/video/wavs/1403741020/output2.wav
/srv/http/include/config/../../data/video/wavs/1403741020/output3.wav
/srv/http/include/config/../../data/video/wavs/1403741020/output4.wav
/srv/http/include/config/../../data/video/wavs/1403741167/output1.wav
/srv/http/include/config/../../data/video/wavs/1403741167/output2.wav
/srv/http/include/config/../../data/video/wavs/1403741167/output3.wav
/srv/http/include/config/../../data/video/wavs/1403741167/output4.wav
/srv/http/include/config/../../data/video/wavs/1403741260/output1.wav
/srv/http/include/config/../../data/video/wavs/1403741260/output2.wav
/srv/http/include/config/../../data/video/wavs/1403741260/output3.wav
/srv/http/include/config/../../data/video/wavs/1403741260/output4.wav
/srv/http/include/config/../../data/video/wavs/1403741260/output5.wav
/srv/http/include/config/../../data/video/wavs/1403741485/output1.wav
/srv/http/include/config/../../data/video/wavs/1403741485/output2.wav
/srv/http/include/config/../../data/video/wavs/1403741564/output1.wav
/srv/http/include/config/../../data/video/wavs/1403741564/output2.wav
/srv/http/include/config/../../data/video/wavs/1403741564/output3.wav
/srv/http/include/config/../../data/video/wavs/1403741564/output4.wav
/srv/http/include/config/../../data/video/wavs/1403741564/output5.wav
/srv/http/include/config/../../data/video/wavs/1403741644/output1.wav
/srv/http/include/config/../../data/video/wavs/1403741644/output2.wav
/srv/http/include/config/../../data/video/wavs/1403741732/output1.wav
/srv/http/include/config/../../data/video/wavs/1403741732/output2.wav
/srv/http/include/config/../../data/video/wavs/1403741732/output3.wav
/srv/http/include/config/../../data/video/wavs/1403741732/output4.wav
/srv/http/include/config/../../data/video/wavs/1403741732/output5.wav
/srv/http/include/config/../../data/video/wavs/1403742645/output1.wav
/srv/http/include/config/../../data/video/wavs/1403742645/output2.wav
/srv/http/include/config/../../data/video/wavs/1403742645/output3.wav
/srv/http/include/config/../../data/video/wavs/1403742755/output1.wav
/srv/http/include/config/../../data/video/wavs/1403742755/output2.wav
/srv/http/include/config/../../data/video/wavs/1403742755/output3.wav
/srv/http/include/config/../../data/video/wavs/1403743224/output1.wav
/srv/http/include/config/../../data/video/wavs/1403743224/output2.wav
/srv/http/include/config/../../data/video/wavs/1403743224/output3.wav
/srv/http/include/config/../../data/video/wavs/1403743224/output4.wav
/srv/http/include/config/../../data/video/wavs/1403743224/output5.wav
/srv/http/include/config/../../data/video/wavs/1403743363/output1.wav
/srv/http/include/config/../../data/video/wavs/1403743439/output1.wav
/srv/http/include/config/../../data/video/wavs/1403743439/output2.wav
/srv/http/include/config/../../data/video/wavs/1403743439/output3.wav
/srv/http/include/config/../../data/video/wavs/1403743439/output4.wav
/srv/http/include/config/../../data/video/wavs/1403743527/output1.wav
/srv/http/include/config/../../data/video/wavs/1403743684/output1.wav
/srv/http/include/config/../../data/video/wavs/1403758706/output1.wav
/srv/http/include/config/../../data/video/wavs/1403758706/output2.wav
/srv/http/include/config/../../data/video/wavs/1403758706/output3.wav
/srv/http/include/config/../../data/video/wavs/1403758706/output4.wav
/srv/http/include/config/../../data/video/wavs/1403758706/output5.wav
/srv/http/include/config/../../data/video/wavs/1403758706/output6.wav
/srv/http/include/config/../../data/video/wavs/1403758706/output7.wav
/srv/http/include/config/../../data/video/wavs/1403758821/output1.wav
/srv/http/include/config/../../data/video/wavs/1403759290/output1.wav
/srv/http/include/config/../../data/video/wavs/1403759290/output2.wav
/srv/http/include/config/../../data/video/wavs/1403759370/output1.wav
/srv/http/include/config/../../data/video/wavs/1403759652/output1.wav
/srv/http/include/config/../../data/video/wavs/1403759919/output1.wav
/srv/http/include/config/../../data/video/wavs/1403759919/output2.wav
/srv/http/include/config/../../data/video/wavs/1403759919/output3.wav
/srv/http/include/config/../../data/video/wavs/1403759919/output4.wav
/srv/http/include/config/../../data/video/wavs/1403759919/output5.wav
/srv/http/include/config/../../data/video/wavs/1403759919/output6.wav
/srv/http/include/config/../../data/video/wavs/1403759919/output7.wav
/srv/http/include/config/../../data/video/wavs/1403759992/output1.wav
/srv/http/include/config/../../data/video/wavs/1403762839/output1.wav
/srv/http/include/config/../../data/video/wavs/1403762839/output2.wav
/srv/http/include/config/../../data/video/wavs/1403762839/output3.wav
/srv/http/include/config/../../data/video/wavs/1403762942/output1.wav
/srv/http/include/config/../../data/video/wavs/1403762942/output2.wav
/srv/http/include/config/../../data/video/wavs/1403955142/output1.wav
/srv/http/include/config/../../data/video/wavs/1403955142/output2.wav
/srv/http/include/config/../../data/video/wavs/1403955142/output3.wav
